
> client@0.0.0 test
> vitest --run --reporter=verbose


[1m[46m RUN [49m[22m [36mv4.0.18 [39m[90mC:/Users/wrigh/Documents/WebProjects/FrontendBackend/client[39m

node.exe : [90mstderr[2m | 
src/components/layout/Header.test.jsx[2m > 
[22m[2mHeader[2m > [22m[2mrenders header 
with site title
At line:1 char:1
+ & "C:\Program Files\nodejs/node.exe" 
"C:\Program Files\nodejs/node_mo ...
+ ~~~~~~~~~~~~~~~~~~~~~~~~~~~~~~~~~~~~~~~~~~~~
~~~~~~~~~~~~~~~~~~~~~~~~~
    + CategoryInfo          : NotSpecified: ( 
   [90mstderr[2m...with site title:String)  
   [], RemoteException
    + FullyQualifiedErrorId : NativeCommandEr 
   ror
 
[22m[39mReceived `true` for a non-boolean 
attribute `flat`.

If you want to write it to the DOM, pass a 
string instead: flat="true" or 
flat={value.toString()}.

 [32mÔ£ô[39m src/components/auth/ProtectedRoute.test.jsx[2m > [22mProtectedRoute[2m > [22mshows loading state while authentication is loading[32m 27[2mms[22m[39m
 [32mÔ£ô[39m src/components/auth/ProtectedRoute.test.jsx[2m > [22mProtectedRoute[2m > [22mredirects to login when user is not authenticated[32m 12[2mms[22m[39m
 [31m├ù[39m src/components/auth/ProtectedRoute.test.jsx[2m > [22mProtectedRoute[2m > [22mrenders children when user is authenticated[32m 6[2mms[22m[39m
[31m   ÔåÆ Unable to find an element with the text: /protected content/i. This could be because the text is broken up by multiple elements. In this case, you can provide a function for your text matcher to make your matcher more flexible.

Ignored nodes: comments, script, style
[36m<body>[31m
  [36m<div>[31m
    [36m<div>[31m
      [0mLogin Page[0m
    [36m</div>[31m
  [36m</div>[31m
[36m</body>[31m[39m
 [31m├ù[39m src/components/auth/ProtectedRoute.test.jsx[2m > [22mProtectedRoute[2m > [22mallows access when user has allowed role[32m 3[2mms[22m[39m
[31m   ÔåÆ Unable to find an element with the text: /protected content/i. This could be because the text is broken up by multiple elements. In this case, you can provide a function for your text matcher to make your matcher more flexible.

Ignored nodes: comments, script, style
[36m<body>[31m
  [36m<div>[31m
    [36m<div>[31m
      [0mLogin Page[0m
    [36m</div>[31m
  [36m</div>[31m
[36m</body>[31m[39m
 [32mÔ£ô[39m src/components/auth/ProtectedRoute.test.jsx[2m > [22mProtectedRoute[2m > [22mredirects to home when user lacks required role[32m 3[2mms[22m[39m
 [31m├ù[39m src/components/auth/ProtectedRoute.test.jsx[2m > [22mProtectedRoute[2m > [22mallows access when no roles are specified[32m 2[2mms[22m[39m
[31m   ÔåÆ Unable to find an element with the text: /protected content/i. This could be because the text is broken up by multiple elements. In this case, you can provide a function for your text matcher to make your matcher more flexible.

Ignored nodes: comments, script, style
[36m<body>[31m
  [36m<div>[31m
    [36m<div>[31m
      [0mLogin Page[0m
    [36m</div>[31m
  [36m</div>[31m
[36m</body>[31m[39m
 [31m├ù[39m src/components/auth/ProtectedRoute.test.jsx[2m > [22mProtectedRoute[2m > [22mallows access when user role is in allowed roles list[32m 5[2mms[22m[39m
[31m   ÔåÆ Unable to find an element with the text: /protected content/i. This could be because the text is broken up by multiple elements. In this case, you can provide a function for your text matcher to make your matcher more flexible.

Ignored nodes: comments, script, style
[36m<body>[31m
  [36m<div>[31m
    [36m<div>[31m
      [0mLogin Page[0m
    [36m</div>[31m
  [36m</div>[31m
[36m</body>[31m[39m
 [32mÔ£ô[39m src/components/form/ImageUpload.test.jsx[2m > [22mImageUpload[2m > [22mrenders upload area with label[32m 41[2mms[22m[39m
 [32mÔ£ô[39m src/components/form/ImageUpload.test.jsx[2m > [22mImageUpload[2m > [22mrenders with default label[32m 7[2mms[22m[39m
 [32mÔ£ô[39m src/components/form/ImageUpload.test.jsx[2m > [22mImageUpload[2m > [22mopens file picker on click[32m 40[2mms[22m[39m
 [31m├ù[39m src/components/auth/LoginModal.test.jsx[2m > [22mLoginModal[2m > [22mrenders login form when user is not logged in[32m 31[2mms[22m[39m
[31m   ÔåÆ Found multiple elements with the text: /login/i

Here are the matching elements:

Ignored nodes: comments, script, style
[36m<h3>[31m
  [0mLogin[0m
[36m</h3>[31m

Ignored nodes: comments, script, style
[36m<button>[31m
  [0mMock Login[0m
[36m</button>[31m

(If this is intentional, then use the `*AllBy*` variant of the query (like `queryAllByText`, `getAllByText`, or `findAllByText`)).

Ignored nodes: comments, script, style
[36m<body>[31m
  [36m<div>[31m
    [36m<div[31m
      [33mclass[31m=[32m"popover"[31m
      [33mdata-testid[31m=[32m"popover"[31m
      [33mid[31m=[32m"login-popover"[31m
    [36m>[31m
      [36m<div[31m
        [33mclass[31m=[32m"form"[31m
      [36m>[31m
        [36m<h3>[31m
          [0mLogin[0m
        [36m</h3>[31m
        [36m<div[31m
          [33mdata-testid[31m=[32m"login-form"[31m
        [36m>[31m
          [36m<button>[31m
            [0mMock Login[0m
          [36m</button>[31m
        [36m</div>[31m
      [36m</div>[31m
    [36m</div>[31m
  [36m</div>[31m
[36m</body>[31m[39m
 [31m├ù[39m src/components/auth/LoginModal.test.jsx[2m > [22mLoginModal[2m > [22mrenders user menu when user is logged in[32m 14[2mms[22m[39m
[31m   ÔåÆ Found multiple elements with the text: /logout/i

Here are the matching elements:

Ignored nodes: comments, script, style
[36m<span>[31m
  [0mLogOutIcon[0m
[36m</span>[31m

Ignored nodes: comments, script, style
[36m<span>[31m
  [0mLogout[0m
[36m</span>[31m

(If this is intentional, then use the `*AllBy*` variant of the query (like `queryAllByText`, `getAllByText`, or `findAllByText`)).

Ignored nodes: comments, script, style
[36m<body>[31m
  [36m<div>[31m
    [36m<div[31m
      [33mclass[31m=[32m"popover"[31m
      [33mdata-testid[31m=[32m"popover"[31m
      [33mid[31m=[32m"login-popover"[31m
    [36m>[31m
      [36m<div[31m
        [33mclass[31m=[32m"form"[31m
      [36m>[31m
        [36m<h3>[31m
          [0mHello, [0m
          [0mtestuser[0m
        [36m</h3>[31m
        [36m<a[31m
          [33mclass[31m=[32m"profileLink"[31m
          [33mdata-discover[31m=[32m"true"[31m
          [33mhref[31m=[32m"/profile"[31m
        [36m>[31m
          [36m<span>[31m
            [0mUserIcon[0m
          [36m</span>[31m
          [36m<span>[31m
            [0mMy Profile[0m
          [36m</span>[31m
        [36m</a>[31m
        [36m<div[31m
          [33mclass[31m=[32m"profileLink logoutLink"[31m
        [36m>[31m
          [36m<span>[31m
            [0mLogOutIcon[0m
          [36m</span>[31m
          [36m<span>[31m
            [0mLogout[0m
          [36m</span>[31m
        [36m</div>[31m
      [36m</div>[31m
    [36m</div>[31m
  [36m</div>[31m
[36m</body>[31m[39m
 [32mÔ£ô[39m src/components/auth/LoginModal.test.jsx[2m > [22mLoginModal[2m > [22mshows admin dashboard link for admin users[32m 8[2mms[22m[39m
 [32mÔ£ô[39m src/components/auth/LoginModal.test.jsx[2m > [22mLoginModal[2m > [22mdoes not show admin dashboard link for non-admin users[32m 3[2mms[22m[39m
 [31m├ù[39m src/components/auth/LoginModal.test.jsx[2m > [22mLoginModal[2m > [22mhandles logout correctly[32m 8[2mms[22m[39m
[31m   ÔåÆ Found multiple elements with the text: /logout/i

Here are the matching elements:

Ignored nodes: comments, script, style
[36m<span>[31m
  [0mLogOutIcon[0m
[36m</span>[31m

Ignored nodes: comments, script, style
[36m<span>[31m
  [0mLogout[0m
[36m</span>[31m

(If this is intentional, then use the `*AllBy*` variant of the query (like `queryAllByText`, `getAllByText`, or `findAllByText`)).

Ignored nodes: comments, script, style
[36m<body>[31m
  [36m<div>[31m
    [36m<div[31m
      [33mclass[31m=[32m"popover"[31m
      [33mdata-testid[31m=[32m"popover"[31m
      [33mid[31m=[32m"login-popover"[31m
    [36m>[31m
      [36m<div[31m
        [33mclass[31m=[32m"form"[31m
      [36m>[31m
        [36m<h3>[31m
          [0mHello, [0m
          [0mtestuser[0m
        [36m</h3>[31m
        [36m<a[31m
          [33mclass[31m=[32m"profileLink"[31m
          [33mdata-discover[31m=[32m"true"[31m
          [33mhref[31m=[32m"/profile"[31m
        [36m>[31m
          [36m<span>[31m
            [0mUserIcon[0m
          [36m</span>[31m
          [36m<span>[31m
            [0mMy Profile[0m
          [36m</span>[31m
        [36m</a>[31m
        [36m<div[31m
          [33mclass[31m=[32m"profileLink logoutLink"[31m
        [36m>[31m
          [36m<span>[31m
            [0mLogOutIcon[0m
          [36m</span>[31m
          [36m<span>[31m
            [0mLogout[0m
          [36m</span>[31m
        [36m</div>[31m
      [36m</div>[31m
    [36m</div>[31m
  [36m</div>[31m
[36m</body>[31m[39m
 [32mÔ£ô[39m src/components/auth/LoginModal.test.jsx[2m > [22mLoginModal[2m > [22mdisplays default username when username is missing[32m 6[2mms[22m[39m
[90mstderr[2m | 
src/components/auth/LoginForm.test.jsx[2m > 
[22m[2mLoginForm[2m > [22m[2mrenders 
login form with username and password inputs
[22m[39mInvalid value for prop `icon` on 
<input> tag. Either remove it from the 
element, or pass a string or number value to 
keep it in the DOM. For details, see 
https://react.dev/link/attribute-behavior 

 [32mÔ£ô[39m src/components/layout/Header.test.jsx[2m > [22mHeader[2m > [22mrenders header with site title[32m 31[2mms[22m[39m
 [32mÔ£ô[39m src/components/layout/Header.test.jsx[2m > [22mHeader[2m > [22mdisplays logo image when available[32m 5[2mms[22m[39m
 [32mÔ£ô[39m src/components/layout/Header.test.jsx[2m > [22mHeader[2m > [22mdisplays default icon when no logo[32m 3[2mms[22m[39m
 [32mÔ£ô[39m src/components/layout/Header.test.jsx[2m > [22mHeader[2m > [22mshows login button when not logged in[32m 4[2mms[22m[39m
 [32mÔ£ô[39m src/components/layout/Header.test.jsx[2m > [22mHeader[2m > [22mshows username when logged in[32m 6[2mms[22m[39m
 [31m├ù[39m src/components/layout/Header.test.jsx[2m > [22mHeader[2m > [22mshows default "User" text when logged in without username[32m 25[2mms[22m[39m
[31m   ÔåÆ Found multiple elements with the text: /user/i

Here are the matching elements:

Ignored nodes: comments, script, style
[36m<span[31m
  [33mdata-testid[31m=[32m"user-icon"[31m
[36m>[31m
  [0mUser[0m
[36m</span>[31m

Ignored nodes: comments, script, style
[36m<span>[31m
  [0mUser[0m
[36m</span>[31m

(If this is intentional, then use the `*AllBy*` variant of the query (like `queryAllByText`, `getAllByText`, or `findAllByText`)).

Ignored nodes: comments, script, style
[36m<body>[31m
  [36m<div>[31m
    [36m<header[31m
      [33mclass[31m=[32m"header"[31m
    [36m>[31m
      [36m<div[31m
        [33mclass[31m=[32m"container"[31m
      [36m>[31m
        [36m<a[31m
          [33mclass[31m=[32m"logo"[31m
          [33mdata-discover[31m=[32m"true"[31m
          [33mhref[31m=[32m"/"[31m
        [36m>[31m
          [36m<span[31m
            [33mclass[31m=[32m"logoIcon"[31m
          [36m>[31m
            [36m<span[31m
              [33mdata-testid[31m=[32m"zap-icon"[31m
            [36m>[31m
              [0mZap[0m
            [36m</span>[31m
          [36m</span>[31m
          [36m<span[31m
            [33mclass[31m=[32m"logoText"[31m
          [36m>[31m
            [0mTest Site[0m
          [36m</span>[31m
        [36m</a>[31m
        [36m<div[31m
          [33mclass[31m=[32m"actions"[31m
        [36m>[31m
          [36m<button[31m
            [33mclass[31m=[32m"userBtn"[31m
            [33mpopovertarget[31m=[32m"login-popover"[31m
          [36m>[31m
            [36m<span[31m
              [33mdata-testid[31m=[32m"user-icon"[31m
            [36m>[31m
              [0mUser[0m
            [36m</span>[31m
            [36m<span>[31m
              [0mUser[0m
            [36m</span>[31m
          [36m</button>[31m
        [36m</div>[31m
      [36m</div>[31m
    [36m</header>[31m
  [36m</div>[31m
[36m</body>[31m[39m
 [32mÔ£ô[39m src/components/layout/Header.test.jsx[2m > [22mHeader[2m > [22mrenders home link with correct path[32m 237[2mms[22m[39m
 [32mÔ£ô[39m src/components/layout/Header.test.jsx[2m > [22mHeader[2m > [22mrenders user button with popover target[32m 22[2mms[22m[39m
 [32mÔ£ô[39m src/components/auth/LoginForm.test.jsx[2m > [22mLoginForm[2m > [22mrenders login form with username and password inputs[32m 267[2mms[22m[39m
 [32mÔ£ô[39m src/components/auth/ChangePassword.test.jsx[2m > [22mChangePassword[2m > [22mrenders password change form with all inputs[33m 318[2mms[22m[39m
 [32mÔ£ô[39m src/components/form/ImageUpload.test.jsx[2m > [22mImageUpload[2m > [22mhandles successful file upload[32m 35[2mms[22m[39m
 [32mÔ£ô[39m src/components/form/ImageUpload.test.jsx[2m > [22mImageUpload[2m > [22mdisplays error on upload failure[32m 35[2mms[22m[39m
 [32mÔ£ô[39m src/components/form/ImageUpload.test.jsx[2m > [22mImageUpload[2m > [22mshows preview after upload when showPreview is true[32m 20[2mms[22m[39m
 [32mÔ£ô[39m src/components/form/ImageUpload.test.jsx[2m > [22mImageUpload[2m > [22mdoes not show preview when showPreview is false[32m 25[2mms[22m[39m
 [32mÔ£ô[39m src/components/auth/LoginForm.test.jsx[2m > [22mLoginForm[2m > [22mhandles form submission with valid credentials[32m 91[2mms[22m[39m
 [32mÔ£ô[39m src/components/auth/LoginForm.test.jsx[2m > [22mLoginForm[2m > [22mdisplays error message on failed login[32m 45[2mms[22m[39m
 [31m├ù[39m src/components/form/ImageUpload.test.jsx[2m > [22mImageUpload[2m > [22mhandles remove button click[32m 280[2mms[22m[39m
[31m   ÔåÆ Unable to find an accessible element with the role "button" and name `/remove image/i`

Here are the accessible roles:

  img:

  Name "Preview":
  [36m<img[31m
    [33malt[31m=[32m"Preview"[31m
    [33mclass[31m=[32m"preview"[31m
    [33msrc[31m=[32m"/uploads/existing.jpg"[31m
  [36m/>[31m

  --------------------------------------------------
  button:

  Name "X":
  [36m<button[31m
    [33mclass[31m=[32m"removeBtn"[31m
    [33mtitle[31m=[32m"Remove image"[31m
    [33mtype[31m=[32m"button"[31m
  [36m/>[31m

  --------------------------------------------------

Ignored nodes: comments, script, style
[36m<body>[31m
  [36m<div>[31m
    [36m<div[31m
      [33mclass[31m=[32m"container"[31m
    [36m>[31m
      [36m<label[31m
        [33mclass[31m=[32m"label"[31m
      [36m>[31m
        [0mUpload Image[0m
      [36m</label>[31m
      [36m<div[31m
        [33mclass[31m=[32m"uploadArea"[31m
      [36m>[31m
        [36m<div[31m
          [33mclass[31m=[32m"previewContainer"[31m
        [36m>[31m
          [36m<img[31m
            [33malt[31m=[32m"Preview"[31m
            [33mclass[31m=[32m"preview"[31m
            [33msrc[31m=[32m"/uploads/existing.jpg"[31m
          [36m/>[31m
          [36m<button[31m
            [33mclass[31m=[32m"removeBtn"[31m
            [33mtitle[31m=[32m"Remove image"[31m
            [33mtype[31m=[32m"button"[31m
          [36m>[31m
            [36m<span>[31m
              [0mX[0m
            [36m</span>[31m
          [36m</button>[31m
        [36m</div>[31m
      [36m</div>[31m
      [36m<input[31m
        [33maccept[31m=[32m"image/*"[31m
        [33mclass[31m=[32m"hiddenInput"[31m
        [33mtype[31m=[32m"file"[31m
      [36m/>[31m
    [36m</div>[31m
  [36m</div>[31m
[36m</body>[31m[39m
 [32mÔ£ô[39m src/components/form/ImageUpload.test.jsx[2m > [22mImageUpload[2m > [22mdisplays current image when provided[32m 8[2mms[22m[39m
 [32mÔ£ô[39m src/components/form/ImageUpload.test.jsx[2m > [22mImageUpload[2m > [22mshows uploading state during upload[32m 15[2mms[22m[39m
 [32mÔ£ô[39m src/components/form/ImageUpload.test.jsx[2m > [22mImageUpload[2m > [22maccepts only image files[32m 2[2mms[22m[39m
 [32mÔ£ô[39m src/components/auth/LoginForm.test.jsx[2m > [22mLoginForm[2m > [22mshows loading state during submission[32m 156[2mms[22m[39m
 [32mÔ£ô[39m src/components/auth/LoginForm.test.jsx[2m > [22mLoginForm[2m > [22mrenders register link[32m 13[2mms[22m[39m
 [32mÔ£ô[39m src/components/auth/LoginForm.test.jsx[2m > [22mLoginForm[2m > [22mhandles unexpected errors gracefully[32m 49[2mms[22m[39m
 [32mÔ£ô[39m src/components/ui/Button.test.jsx[2m > [22mButton[2m > [22mrenders with default props[32m 204[2mms[22m[39m
 [32mÔ£ô[39m src/components/ui/Button.test.jsx[2m > [22mButton[2m > [22mrenders with custom intent[32m 13[2mms[22m[39m
 [32mÔ£ô[39m src/components/ui/Button.test.jsx[2m > [22mButton[2m > [22mhandles click events[32m 23[2mms[22m[39m
 [32mÔ£ô[39m src/components/ui/Button.test.jsx[2m > [22mButton[2m > [22mrenders grouped variant correctly[32m 17[2mms[22m[39m
 [32mÔ£ô[39m src/components/ui/TabNavigation.test.jsx[2m > [22mTabNavigation[2m > [22mrenders tabs with labels[32m 29[2mms[22m[39m
 [32mÔ£ô[39m src/components/ui/TabNavigation.test.jsx[2m > [22mTabNavigation[2m > [22mrouting mode: renders NavLinks with paths[33m 311[2mms[22m[39m
 [32mÔ£ô[39m src/components/ui/TabNavigation.test.jsx[2m > [22mTabNavigation[2m > [22mstate mode: renders buttons and handles clicks[32m 85[2mms[22m[39m
 [32mÔ£ô[39m src/components/ui/TabNavigation.test.jsx[2m > [22mTabNavigation[2m > [22mrenders icons when provided[32m 4[2mms[22m[39m
 [32mÔ£ô[39m src/components/ui/TabNavigation.test.jsx[2m > [22mTabNavigation[2m > [22mapplies variant classes[32m 3[2mms[22m[39m
 [32mÔ£ô[39m src/components/admin/DynamicDataTable.test.jsx[2m > [22mDynamicDataTable[2m > [22mrenders table with data[32m 39[2mms[22m[39m
 [32mÔ£ô[39m src/components/admin/DynamicDataTable.test.jsx[2m > [22mDynamicDataTable[2m > [22mshows loading state[32m 4[2mms[22m[39m
[90mstderr[2m | 
src/components/ui/Table.test.jsx[2m > 
[22m[2mTable[2m > [22m[2mpasses through 
custom classNames
[22m[39mIn HTML, <td> cannot be a child of 
<div>.
This will cause a hydration error.

 [32mÔ£ô[39m src/components/ui/Table.test.jsx[2m > [22mTable[2m > [22mrenders full table structure[32m 211[2mms[22m[39m
 [32mÔ£ô[39m src/components/ui/Table.test.jsx[2m > [22mTable[2m > [22mapplies dense class when dense prop is true[32m 30[2mms[22m[39m
 [32mÔ£ô[39m src/components/ui/Table.test.jsx[2m > [22mTable[2m > [22mpasses through custom classNames[32m 9[2mms[22m[39m
 [32mÔ£ô[39m src/components/admin/DynamicDataTable.test.jsx[2m > [22mDynamicDataTable[2m > [22mopens add form when Add Record is clicked[32m 291[2mms[22m[39m
 [32mÔ£ô[39m src/components/ui/form/Select.test.jsx[2m > [22mSelect[2m > [22mrenders with label and id[32m 25[2mms[22m[39m
 [32mÔ£ô[39m src/components/admin/DynamicDataTable.test.jsx[2m > [22mDynamicDataTable[2m > [22mcalls create mutation on save[32m 107[2mms[22m[39m
 [32mÔ£ô[39m src/components/admin/DynamicDataTable.test.jsx[2m > [22mDynamicDataTable[2m > [22mcalls delete mutation on delete click[32m 29[2mms[22m[39m
 [32mÔ£ô[39m src/components/ui/form/Select.test.jsx[2m > [22mSelect[2m > [22mrenders options correctly[32m 235[2mms[22m[39m
 [32mÔ£ô[39m src/components/ui/form/Select.test.jsx[2m > [22mSelect[2m > [22mrenders placeholder[32m 25[2mms[22m[39m
 [32mÔ£ô[39m src/components/ui/form/Select.test.jsx[2m > [22mSelect[2m > [22mhandles selection changes[32m 24[2mms[22m[39m
 [32mÔ£ô[39m src/components/ui/form/Select.test.jsx[2m > [22mSelect[2m > [22mdisplays error message[32m 12[2mms[22m[39m
 [32mÔ£ô[39m src/components/ui/Toast/Toast.test.jsx[2m > [22mToast[2m > [22mrenders toast with message and type[32m 27[2mms[22m[39m
 [32mÔ£ô[39m src/components/ui/Toast/Toast.test.jsx[2m > [22mToast[2m > [22mdisplays success icon for success type[32m 4[2mms[22m[39m
 [32mÔ£ô[39m src/components/ui/Toast/Toast.test.jsx[2m > [22mToast[2m > [22mdisplays error icon for error type[32m 3[2mms[22m[39m
 [32mÔ£ô[39m src/components/ui/Toast/Toast.test.jsx[2m > [22mToast[2m > [22mdisplays info icon for info type[32m 3[2mms[22m[39m
 [32mÔ£ô[39m src/components/ui/Toast/Toast.test.jsx[2m > [22mToast[2m > [22mhandles close button click[32m 221[2mms[22m[39m
 [32mÔ£ô[39m src/components/ui/Toast/Toast.test.jsx[2m > [22mToast[2m > [22minitiates drag on mouse down[32m 13[2mms[22m[39m
 [32mÔ£ô[39m src/components/ui/Toast/Toast.test.jsx[2m > [22mToast[2m > [22minitiates drag on touch start[32m 9[2mms[22m[39m
 [32mÔ£ô[39m src/components/ui/Toast/Toast.test.jsx[2m > [22mToast[2m > [22mapplies custom CSS variables for offset and opacity[32m 9[2mms[22m[39m
 [32mÔ£ô[39m src/components/ui/form/Radio.test.jsx[2m > [22mRadio[2m > [22mrenders radio with label[32m 25[2mms[22m[39m
 [32mÔ£ô[39m src/components/ui/form/Radio.test.jsx[2m > [22mRadio[2m > [22mrenders with description[32m 7[2mms[22m[39m
 [32mÔ£ô[39m src/components/ui/form/Radio.test.jsx[2m > [22mRadio[2m > [22mhandles error state[32m 3[2mms[22m[39m
 [32mÔ£ô[39m src/components/ui/form/Radio.test.jsx[2m > [22mRadio[2m > [22mgenerates unique ID when not provided[32m 17[2mms[22m[39m
 [32mÔ£ô[39m src/components/ui/form/Radio.test.jsx[2m > [22mRadio[2m > [22muses provided ID[32m 10[2mms[22m[39m
 [32mÔ£ô[39m src/components/ui/form/Radio.test.jsx[2m > [22mRadio[2m > [22mhandles change events[32m 48[2mms[22m[39m
 [32mÔ£ô[39m src/components/ui/form/Radio.test.jsx[2m > [22mRadio[2m > [22mapplies custom className[32m 7[2mms[22m[39m
 [32mÔ£ô[39m src/components/ui/form/Radio.test.jsx[2m > [22mRadio[2m > [22mforwards ref correctly[32m 7[2mms[22m[39m
 [32mÔ£ô[39m src/components/ui/form/Radio.test.jsx[2m > [22mRadio[2m > [22mpasses through additional props[32m 19[2mms[22m[39m
 [32mÔ£ô[39m src/hooks/useData.test.js[2m > [22museData Hook[2m > [22mfetches data on mount if cache is empty[32m 78[2mms[22m[39m
 [32mÔ£ô[39m src/hooks/useData.test.js[2m > [22museData Hook[2m > [22mreturns cached data immediately[32m 2[2mms[22m[39m
 [32mÔ£ô[39m src/hooks/useData.test.js[2m > [22museData Hook[2m > [22mrevalidates if cache is stale[32m 9[2mms[22m[39m
 [32mÔ£ô[39m src/components/ui/form/Checkbox.test.jsx[2m > [22mCheckbox[2m > [22mrenders with label and id[32m 24[2mms[22m[39m
 [32mÔ£ô[39m src/components/ui/form/Checkbox.test.jsx[2m > [22mCheckbox[2m > [22mhandles interaction correctly[32m 7[2mms[22m[39m
 [32mÔ£ô[39m src/components/ui/form/Checkbox.test.jsx[2m > [22mCheckbox[2m > [22mrenders description[32m 8[2mms[22m[39m
 [32mÔ£ô[39m src/components/ui/form/Checkbox.test.jsx[2m > [22mCheckbox[2m > [22mdisplays error styling[32m 4[2mms[22m[39m
 [32mÔ£ô[39m src/components/ui/form/RadioGroup.test.jsx[2m > [22mRadioGroup[2m > [22mrenders with label and options[32m 50[2mms[22m[39m
 [32mÔ£ô[39m src/components/ui/form/RadioGroup.test.jsx[2m > [22mRadioGroup[2m > [22mpre-selects the correct value[32m 13[2mms[22m[39m
 [32mÔ£ô[39m src/components/ui/form/RadioGroup.test.jsx[2m > [22mRadioGroup[2m > [22mcalls onChange with the selected value[32m 18[2mms[22m[39m
 [32mÔ£ô[39m src/components/ui/form/RadioGroup.test.jsx[2m > [22mRadioGroup[2m > [22mdisplays error message[32m 9[2mms[22m[39m
 [32mÔ£ô[39m src/hooks/useData.test.js[2m > [22museData Hook[2m > [22mhandles errors[32m 78[2mms[22m[39m
 [32mÔ£ô[39m src/hooks/useData.test.js[2m > [22museDataMutations Hook[2m > [22mcalls create mutation[32m 5[2mms[22m[39m
 [32mÔ£ô[39m src/hooks/useData.test.js[2m > [22museDataMutations Hook[2m > [22mcalls update mutation[32m 1[2mms[22m[39m
 [32mÔ£ô[39m src/hooks/useData.test.js[2m > [22museDataMutations Hook[2m > [22mcalls delete mutation[32m 1[2mms[22m[39m
 [32mÔ£ô[39m src/components/ui/form/RadioGroup.test.jsx[2m > [22mRadioGroup[2m > [22mhandles disabled options[32m 16[2mms[22m[39m
 [32mÔ£ô[39m src/components/ui/form/RadioGroup.test.jsx[2m > [22mRadioGroup[2m > [22mapplies direction class[32m 14[2mms[22m[39m
 [32mÔ£ô[39m src/components/ui/form/Input.test.jsx[2m > [22mInput[2m > [22mrenders with label and id[32m 23[2mms[22m[39m
 [32mÔ£ô[39m src/components/ui/form/Input.test.jsx[2m > [22mInput[2m > [22mrenders without label[32m 4[2mms[22m[39m
 [32mÔ£ô[39m src/components/ui/form/Input.test.jsx[2m > [22mInput[2m > [22mdisplays error message and styling[32m 9[2mms[22m[39m
 [32mÔ£ô[39m src/components/ui/form/Input.test.jsx[2m > [22mInput[2m > [22mdisplays helper text[32m 6[2mms[22m[39m
 [32mÔ£ô[39m src/components/ui/form/Input.test.jsx[2m > [22mInput[2m > [22mdoes not display helper text when error is present[32m 7[2mms[22m[39m
 [32mÔ£ô[39m src/components/ui/form/Input.test.jsx[2m > [22mInput[2m > [22mrenders with an icon[32m 6[2mms[22m[39m
 [32mÔ£ô[39m src/components/ui/form/Input.test.jsx[2m > [22mInput[2m > [22mhandles interactions correctly[32m 11[2mms[22m[39m
 [32mÔ£ô[39m src/components/layout/Footer.test.jsx[2m > [22mFooter[2m > [22mrenders footer with copyright text[32m 25[2mms[22m[39m
 [32mÔ£ô[39m src/components/layout/Footer.test.jsx[2m > [22mFooter[2m > [22mdisplays current year[32m 3[2mms[22m[39m
 [32mÔ£ô[39m src/components/layout/Footer.test.jsx[2m > [22mFooter[2m > [22mdisplays site title from metadata[32m 2[2mms[22m[39m
 [32mÔ£ô[39m src/components/layout/Footer.test.jsx[2m > [22mFooter[2m > [22mrenders privacy link[32m 6[2mms[22m[39m
 [32mÔ£ô[39m src/components/layout/Footer.test.jsx[2m > [22mFooter[2m > [22mrenders terms link[32m 5[2mms[22m[39m
 [32mÔ£ô[39m src/components/layout/Footer.test.jsx[2m > [22mFooter[2m > [22mrenders support link[32m 2[2mms[22m[39m
 [32mÔ£ô[39m src/components/layout/Footer.test.jsx[2m > [22mFooter[2m > [22mrenders all three footer links[32m 4[2mms[22m[39m
 [31m├ù[39m src/components/auth/ChangePassword.test.jsx[2m > [22mChangePassword[2m > [22mvalidates that new passwords match[33m 5016[2mms[22m[39m
[31m   ÔåÆ Test timed out in 5000ms.
If this is a long-running test, pass a timeout value as the last argument or configure it globally with "testTimeout".[39m
 [32mÔ£ô[39m src/context/ToastContext.test.jsx[2m > [22mToastContext[2m > [22madds a toast[32m 28[2mms[22m[39m
 [32mÔ£ô[39m src/context/ToastContext.test.jsx[2m > [22mToastContext[2m > [22mremoves a toast manually[32m 5[2mms[22m[39m
 [32mÔ£ô[39m src/context/ToastContext.test.jsx[2m > [22mToastContext[2m > [22mauto-hides toast after duration[32m 4[2mms[22m[39m
 [32mÔ£ô[39m src/context/ToastContext.test.jsx[2m > [22mToastContext[2m > [22mdoes not auto-hide if duration not met[32m 3[2mms[22m[39m
 [32mÔ£ô[39m src/context/AuthContext.test.jsx[2m > [22mAuthContext[2m > [22minitializes with loading state and checks auth[32m 36[2mms[22m[39m
 [32mÔ£ô[39m src/context/AuthContext.test.jsx[2m > [22mAuthContext[2m > [22mloads user on successful auth check[32m 26[2mms[22m[39m
 [32mÔ£ô[39m src/context/AuthContext.test.jsx[2m > [22mAuthContext[2m > [22mhandles login successfully[32m 28[2mms[22m[39m
 [32mÔ£ô[39m src/context/AuthContext.test.jsx[2m > [22mAuthContext[2m > [22mhandles logout successfully[32m 31[2mms[22m[39m
 [32mÔ£ô[39m src/components/ui/form/FileUpload.test.jsx[2m > [22mFileUpload[2m > [22mrenders with label and initial state[32m 30[2mms[22m[39m
 [32mÔ£ô[39m src/components/ui/form/FileUpload.test.jsx[2m > [22mFileUpload[2m > [22mhandles file selection[32m 20[2mms[22m[39m
 [32mÔ£ô[39m src/components/ui/form/FileUpload.test.jsx[2m > [22mFileUpload[2m > [22mdisplays error message[32m 32[2mms[22m[39m
 [32mÔ£ô[39m src/components/ui/Toast/ToastContainer.test.jsx[2m > [22mToastContainer[2m > [22mrenders empty container when no toasts[32m 23[2mms[22m[39m
 [32mÔ£ô[39m src/components/ui/Toast/ToastContainer.test.jsx[2m > [22mToastContainer[2m > [22mrenders single toast[32m 12[2mms[22m[39m
 [32mÔ£ô[39m src/components/ui/Toast/ToastContainer.test.jsx[2m > [22mToastContainer[2m > [22mrenders multiple toasts[32m 8[2mms[22m[39m
 [32mÔ£ô[39m src/components/ui/Toast/ToastContainer.test.jsx[2m > [22mToastContainer[2m > [22mpasses correct props to Toast components[32m 4[2mms[22m[39m
 [32mÔ£ô[39m src/components/ui/Pagination.test.jsx[2m > [22mPagination[2m > [22mrenders correct page numbers[32m 30[2mms[22m[39m
 [32mÔ£ô[39m src/components/ui/Pagination.test.jsx[2m > [22mPagination[2m > [22mrenders correct page numbers when in middle[32m 5[2mms[22m[39m
 [32mÔ£ô[39m src/components/ui/Pagination.test.jsx[2m > [22mPagination[2m > [22mhandles interactions[32m 10[2mms[22m[39m
 [32mÔ£ô[39m src/components/ui/Pagination.test.jsx[2m > [22mPagination[2m > [22mdisables buttons at boundaries[32m 8[2mms[22m[39m
 [32mÔ£ô[39m src/components/ui/Pagination.test.jsx[2m > [22mPagination[2m > [22mdoes not render scenarios with 1 or 0 pages[32m 1[2mms[22m[39m
 [32mÔ£ô[39m src/components/ui/Badge.test.jsx[2m > [22mBadge[2m > [22mrenders children correctly[32m 20[2mms[22m[39m
 [32mÔ£ô[39m src/components/ui/Badge.test.jsx[2m > [22mBadge[2m > [22mapplies default variant class[32m 3[2mms[22m[39m
 [32mÔ£ô[39m src/components/ui/Badge.test.jsx[2m > [22mBadge[2m > [22mapplies specific variant class[32m 2[2mms[22m[39m
 [32mÔ£ô[39m src/components/ui/Badge.test.jsx[2m > [22mBadge[2m > [22mrenders with an icon[32m 3[2mms[22m[39m
 [32mÔ£ô[39m src/components/ui/Card.test.jsx[2m > [22mCard[2m > [22mrenders Card with children and default classes[32m 23[2mms[22m[39m
 [32mÔ£ô[39m src/components/ui/Card.test.jsx[2m > [22mCard[2m > [22mapplies dense class when dense prop is true[32m 2[2mms[22m[39m
 [32mÔ£ô[39m src/components/ui/Card.test.jsx[2m > [22mCard[2m > [22mrenders sub-components correctly[32m 4[2mms[22m[39m
 [32mÔ£ô[39m src/components/ui/Card.test.jsx[2m > [22mCard[2m > [22mpasses through custom className and props[32m 2[2mms[22m[39m
 [32mÔ£ô[39m src/components/ui/Popover.test.jsx[2m > [22mPopover[2m > [22mrenders Popover with children[32m 18[2mms[22m[39m
 [32mÔ£ô[39m src/components/ui/Popover.test.jsx[2m > [22mPopover[2m > [22mpasses through custom className[32m 2[2mms[22m[39m
 [32mÔ£ô[39m src/hooks/useSiteMeta.test.js[2m > [22museSiteMeta[2m > [22mreturns default meta when data is loading or missing[32m 9[2mms[22m[39m
 [32mÔ£ô[39m src/hooks/useSiteMeta.test.js[2m > [22museSiteMeta[2m > [22mreturns fetched meta data when available[32m 1[2mms[22m[39m
 [31m├ù[39m src/components/auth/ChangePassword.test.jsx[2m > [22mChangePassword[2m > [22mvalidates minimum password length[33m 5010[2mms[22m[39m
[31m   ÔåÆ Test timed out in 5000ms.
If this is a long-running test, pass a timeout value as the last argument or configure it globally with "testTimeout".[39m
 [31m├ù[39m src/components/auth/ChangePassword.test.jsx[2m > [22mChangePassword[2m > [22mvalidates that new password differs from current[33m 5004[2mms[22m[39m
[31m   ÔåÆ Test timed out in 5000ms.
If this is a long-running test, pass a timeout value as the last argument or configure it globally with "testTimeout".[39m
 [31m├ù[39m src/components/auth/ChangePassword.test.jsx[2m > [22mChangePassword[2m > [22mhandles successful password change[33m 5008[2mms[22m[39m
[31m   ÔåÆ Test timed out in 5000ms.
If this is a long-running test, pass a timeout value as the last argument or configure it globally with "testTimeout".[39m
 [31m├ù[39m src/components/auth/ChangePassword.test.jsx[2m > [22mChangePassword[2m > [22mdisplays error on API failure[33m 5007[2mms[22m[39m
[31m   ÔåÆ Test timed out in 5000ms.
If this is a long-running test, pass a timeout value as the last argument or configure it globally with "testTimeout".[39m
 [31m├ù[39m src/components/auth/ChangePassword.test.jsx[2m > [22mChangePassword[2m > [22mshows success message after password change[33m 5009[2mms[22m[39m
[31m   ÔåÆ Test timed out in 5000ms.
If this is a long-running test, pass a timeout value as the last argument or configure it globally with "testTimeout".[39m
 [32mÔ£ô[39m src/components/auth/ChangePassword.test.jsx[2m > [22mChangePassword[2m > [22mrenders cancel button when onCancel is provided[32m 32[2mms[22m[39m
 [31m├ù[39m src/components/auth/ChangePassword.test.jsx[2m > [22mChangePassword[2m > [22mclears error when user starts typing[33m 5012[2mms[22m[39m
[31m   ÔåÆ Test timed out in 5000ms.
If this is a long-running test, pass a timeout value as the last argument or configure it globally with "testTimeout".[39m

[31mÔÄ»ÔÄ»ÔÄ»ÔÄ»ÔÄ»ÔÄ»[39m[1m[41m Failed 
Suites 1 
[49m[22m[31mÔÄ»ÔÄ»ÔÄ»ÔÄ»ÔÄ»ÔÄ»ÔÄ»[39m

[41m[1m FAIL [22m[49m 
src/components/form/ImageSelect.test.jsx[2m 
[ src/components/form/ImageSelect.test.jsx 
][22m
[31m[1mError[22m: [vitest] There was an 
error when mocking a module. If you are using 
"vi.mock" factory, make sure there are no top 
level variables inside, since this call is 
hoisted to top of the file. Read more: 
https://vitest.dev/api/vi.html#vi-mock[39m
[36m [2mÔØ»[22m src/components/form/ImageSe
lect.jsx:[2m3:1[22m[39m
    [90m  1| [39m[35mimport[39m 
[33mReact[39m[33m,[39m { 
useState[33m,[39m useEffect[33m,[39m 
useRef } [35mfrom[39m 
[32m'react'[39m[33m;[39m
    [90m  2| [39m[35mimport[39m { 
[33mPencil[39m[33m,[39m 
[33mLibrary[39m[33m,[39m 
[33mUpload[39m[33m,[39m [33mCheck[39m } 
[35mfrom[39m 
[32m'lucide-react'[39m[33m;[39m
    [90m  3| [39m[35mimport[39m apiClient 
[35mfrom[39m 
[32m'../../api/apiClient'[39m[33m;[39m
    [90m   | [39m[31m^[39m
    [90m  4| [39m[35mimport[39m { 
useToast } [35mfrom[39m [32m'../../context/
ToastContext'[39m[33m;[39m
    [90m  5| [39m[35mimport[39m styles 
[35mfrom[39m [32m'./ImageSelect.module.css'
[39m[33m;[39m

[31m[1mCaused by: ReferenceError[22m: 
Cannot access 'mockApiClient' before 
initialization[39m
[36m [2mÔØ»[22m src/components/form/ImageSe
lect.test.jsx:[2m48:14[22m[39m

[31m[2mÔÄ»ÔÄ»ÔÄ»ÔÄ»ÔÄ»ÔÄ»ÔÄ»ÔÄ»ÔÄ»ÔÄ»ÔÄ»ÔÄ»Ô
Ä»ÔÄ»ÔÄ»ÔÄ»ÔÄ»ÔÄ»ÔÄ»ÔÄ»ÔÄ»ÔÄ»ÔÄ»[1/17]ÔÄ»[22m
[39m


[31mÔÄ»ÔÄ»ÔÄ»ÔÄ»ÔÄ»ÔÄ»[39m[1m[41m Failed 
Tests 16 
[49m[22m[31mÔÄ»ÔÄ»ÔÄ»ÔÄ»ÔÄ»ÔÄ»ÔÄ»[39m

[41m[1m FAIL [22m[49m src/components/auth/
ChangePassword.test.jsx[2m > 
[22mChangePassword[2m > [22mvalidates that 
new passwords match
[31m[1mError[22m: Test timed out in 5000ms.
If this is a long-running test, pass a 
timeout value as the last argument or 
configure it globally with "testTimeout".[39m
[36m [2mÔØ»[22m src/components/auth/ChangeP
assword.test.jsx:[2m93:5[22m[39m
    [90m 91| [39m    })[33m;[39m
    [90m 92| [39m
    [90m 93| [39m    
[34mit[39m([32m'validates that new 
passwords match'[39m[33m,[39m 
[35masync[39m () [33m=>[39m {
    [90m   | [39m    [31m^[39m
    [90m 94| [39m        [34mrender[39m([
33m<[39m[33mChangePassword[39m 
[33m/[39m[33m>[39m)[33m;[39m
    [90m 95| [39m

[31m[2mÔÄ»ÔÄ»ÔÄ»ÔÄ»ÔÄ»ÔÄ»ÔÄ»ÔÄ»ÔÄ»ÔÄ»ÔÄ»ÔÄ»Ô
Ä»ÔÄ»ÔÄ»ÔÄ»ÔÄ»ÔÄ»ÔÄ»ÔÄ»ÔÄ»ÔÄ»ÔÄ»[2/17]ÔÄ»[22m
[39m

[41m[1m FAIL [22m[49m src/components/auth/
ChangePassword.test.jsx[2m > 
[22mChangePassword[2m > [22mvalidates 
minimum password length
[31m[1mError[22m: Test timed out in 5000ms.
If this is a long-running test, pass a 
timeout value as the last argument or 
configure it globally with "testTimeout".[39m
[36m [2mÔØ»[22m src/components/auth/ChangeP
assword.test.jsx:[2m107:5[22m[39m
    [90m105| [39m    })[33m;[39m
    [90m106| [39m
    [90m107| [39m    
[34mit[39m([32m'validates minimum password 
length'[39m[33m,[39m [35masync[39m () 
[33m=>[39m {
    [90m   | [39m    [31m^[39m
    [90m108| [39m        [34mrender[39m([
33m<[39m[33mChangePassword[39m 
[33m/[39m[33m>[39m)[33m;[39m
    [90m109| [39m

[31m[2mÔÄ»ÔÄ»ÔÄ»ÔÄ»ÔÄ»ÔÄ»ÔÄ»ÔÄ»ÔÄ»ÔÄ»ÔÄ»ÔÄ»Ô
Ä»ÔÄ»ÔÄ»ÔÄ»ÔÄ»ÔÄ»ÔÄ»ÔÄ»ÔÄ»ÔÄ»ÔÄ»[3/17]ÔÄ»[22m
[39m

[41m[1m FAIL [22m[49m src/components/auth/
ChangePassword.test.jsx[2m > 
[22mChangePassword[2m > [22mvalidates that 
new password differs from current
[31m[1mError[22m: Test timed out in 5000ms.
If this is a long-running test, pass a 
timeout value as the last argument or 
configure it globally with "testTimeout".[39m
[36m [2mÔØ»[22m src/components/auth/ChangeP
assword.test.jsx:[2m121:5[22m[39m
    [90m119| [39m    })[33m;[39m
    [90m120| [39m
    [90m121| [39m    it('validates that new 
password differs from current', async () =>ÔÇª
    [90m   | [39m    [31m^[39m
    [90m122| [39m        [34mrender[39m([
33m<[39m[33mChangePassword[39m 
[33m/[39m[33m>[39m)[33m;[39m
    [90m123| [39m

[31m[2mÔÄ»ÔÄ»ÔÄ»ÔÄ»ÔÄ»ÔÄ»ÔÄ»ÔÄ»ÔÄ»ÔÄ»ÔÄ»ÔÄ»Ô
Ä»ÔÄ»ÔÄ»ÔÄ»ÔÄ»ÔÄ»ÔÄ»ÔÄ»ÔÄ»ÔÄ»ÔÄ»[4/17]ÔÄ»[22m
[39m

[41m[1m FAIL [22m[49m src/components/auth/
ChangePassword.test.jsx[2m > 
[22mChangePassword[2m > [22mhandles 
successful password change
[31m[1mError[22m: Test timed out in 5000ms.
If this is a long-running test, pass a 
timeout value as the last argument or 
configure it globally with "testTimeout".[39m
[36m [2mÔØ»[22m src/components/auth/ChangeP
assword.test.jsx:[2m135:5[22m[39m
    [90m133| [39m    })[33m;[39m
    [90m134| [39m
    [90m135| [39m    
[34mit[39m([32m'handles successful 
password change'[39m[33m,[39m 
[35masync[39m () [33m=>[39m {
    [90m   | [39m    [31m^[39m
    [90m136| [39m        mockApiClient[33m.
[39m[34mmockResolvedValue[39m({ 
success[33m:[39m [35mtrue[39m 
})[33m;[39m
    [90m137| [39m        [35mconst[39m 
onSuccess [33m=[39m 
vi[33m.[39m[34mfn[39m()[33m;[39m

[31m[2mÔÄ»ÔÄ»ÔÄ»ÔÄ»ÔÄ»ÔÄ»ÔÄ»ÔÄ»ÔÄ»ÔÄ»ÔÄ»ÔÄ»Ô
Ä»ÔÄ»ÔÄ»ÔÄ»ÔÄ»ÔÄ»ÔÄ»ÔÄ»ÔÄ»ÔÄ»ÔÄ»[5/17]ÔÄ»[22m
[39m

[41m[1m FAIL [22m[49m src/components/auth/
ChangePassword.test.jsx[2m > 
[22mChangePassword[2m > [22mdisplays error 
on API failure
[31m[1mError[22m: Test timed out in 5000ms.
If this is a long-running test, pass a 
timeout value as the last argument or 
configure it globally with "testTimeout".[39m
[36m [2mÔØ»[22m src/components/auth/ChangeP
assword.test.jsx:[2m164:5[22m[39m
    [90m162| [39m    })[33m;[39m
    [90m163| [39m
    [90m164| [39m    
[34mit[39m([32m'displays error on API 
failure'[39m[33m,[39m [35masync[39m () 
[33m=>[39m {
    [90m   | [39m    [31m^[39m
    [90m165| [39m        
mockApiClient.mockRejectedValue({ message: 
'Current password iÔÇª
    [90m166| [39m

[31m[2mÔÄ»ÔÄ»ÔÄ»ÔÄ»ÔÄ»ÔÄ»ÔÄ»ÔÄ»ÔÄ»ÔÄ»ÔÄ»ÔÄ»Ô
Ä»ÔÄ»ÔÄ»ÔÄ»ÔÄ»ÔÄ»ÔÄ»ÔÄ»ÔÄ»ÔÄ»ÔÄ»[6/17]ÔÄ»[22m
[39m

[41m[1m FAIL [22m[49m src/components/auth/
ChangePassword.test.jsx[2m > 
[22mChangePassword[2m > [22mshows success 
message after password change
[31m[1mError[22m: Test timed out in 5000ms.
If this is a long-running test, pass a 
timeout value as the last argument or 
configure it globally with "testTimeout".[39m
[36m [2mÔØ»[22m src/components/auth/ChangeP
assword.test.jsx:[2m179:5[22m[39m
    [90m177| [39m    })[33m;[39m
    [90m178| [39m
    [90m179| [39m    
[34mit[39m([32m'shows success message 
after password change'[39m[33m,[39m 
[35masync[39m () [33m=>[39m {
    [90m   | [39m    [31m^[39m
    [90m180| [39m        mockApiClient[33m.
[39m[34mmockResolvedValue[39m({ 
success[33m:[39m [35mtrue[39m 
})[33m;[39m
    [90m181| [39m

[31m[2mÔÄ»ÔÄ»ÔÄ»ÔÄ»ÔÄ»ÔÄ»ÔÄ»ÔÄ»ÔÄ»ÔÄ»ÔÄ»ÔÄ»Ô
Ä»ÔÄ»ÔÄ»ÔÄ»ÔÄ»ÔÄ»ÔÄ»ÔÄ»ÔÄ»ÔÄ»ÔÄ»[7/17]ÔÄ»[22m
[39m

[41m[1m FAIL [22m[49m src/components/auth/
ChangePassword.test.jsx[2m > 
[22mChangePassword[2m > [22mclears error 
when user starts typing
[31m[1mError[22m: Test timed out in 5000ms.
If this is a long-running test, pass a 
timeout value as the last argument or 
configure it globally with "testTimeout".[39m
[36m [2mÔØ»[22m src/components/auth/ChangeP
assword.test.jsx:[2m205:5[22m[39m
    [90m203| [39m    })[33m;[39m
    [90m204| [39m
    [90m205| [39m    
[34mit[39m([32m'clears error when user 
starts typing'[39m[33m,[39m 
[35masync[39m () [33m=>[39m {
    [90m   | [39m    [31m^[39m
    [90m206| [39m        [34mrender[39m([
33m<[39m[33mChangePassword[39m 
[33m/[39m[33m>[39m)[33m;[39m
    [90m207| [39m

[31m[2mÔÄ»ÔÄ»ÔÄ»ÔÄ»ÔÄ»ÔÄ»ÔÄ»ÔÄ»ÔÄ»ÔÄ»ÔÄ»ÔÄ»Ô
Ä»ÔÄ»ÔÄ»ÔÄ»ÔÄ»ÔÄ»ÔÄ»ÔÄ»ÔÄ»ÔÄ»ÔÄ»[8/17]ÔÄ»[22m
[39m

[41m[1m FAIL [22m[49m 
src/components/auth/LoginModal.test.jsx[2m > 
[22mLoginModal[2m > [22mrenders login form 
when user is not logged in
[31m[1mTestingLibraryElementError[22m: 
Found multiple elements with the text: 
/login/i

Here are the matching elements:

Ignored nodes: comments, script, style
[36m<h3>[31m
  [0mLogin[0m
[36m</h3>[31m

Ignored nodes: comments, script, style
[36m<button>[31m
  [0mMock Login[0m
[36m</button>[31m

(If this is intentional, then use the 
`*AllBy*` variant of the query (like 
`queryAllByText`, `getAllByText`, or 
`findAllByText`)).

Ignored nodes: comments, script, style
[36m<body>[31m
  [36m<div>[31m
    [36m<div[31m
      [33mclass[31m=[32m"popover"[31m
      
[33mdata-testid[31m=[32m"popover"[31m
      [33mid[31m=[32m"login-popover"[31m
    [36m>[31m
      [36m<div[31m
        [33mclass[31m=[32m"form"[31m
      [36m>[31m
        [36m<h3>[31m
          [0mLogin[0m
        [36m</h3>[31m
        [36m<div[31m
          
[33mdata-testid[31m=[32m"login-form"[31m
        [36m>[31m
          [36m<button>[31m
            [0mMock Login[0m
          [36m</button>[31m
        [36m</div>[31m
      [36m</div>[31m
    [36m</div>[31m
  [36m</div>[31m
[36m</body>[31m[39m
[90m [2mÔØ»[22m Object.getElementError node
_modules/@testing-library/dom/dist/config.js:
[2m37:19[22m[39m
[90m [2mÔØ»[22m getElementError node_module
s/@testing-library/dom/dist/query-helpers.js:
[2m20:35[22m[39m
[90m [2mÔØ»[22m 
getMultipleElementsFoundError node_modules/@te
sting-library/dom/dist/query-helpers.js:[2m23
:10[22m[39m
[90m [2mÔØ»[22m node_modules/@testing-libra
ry/dom/dist/query-helpers.js:[2m55:13[22m[3
9m
[90m [2mÔØ»[22m node_modules/@testing-libra
ry/dom/dist/query-helpers.js:[2m95:19[22m[3
9m
[36m [2mÔØ»[22m src/components/auth/LoginMo
dal.test.jsx:[2m95:23[22m[39m
    [90m 93| [39m        
[34mrenderLoginModal[39m()[33m;[39m
    [90m 94| [39m
    [90m 95| [39m        [34mexpect[39m(sc
reen[33m.[39m[34mgetByText[39m([36m/login
/i[39m))[33m.[39m[34mtoBeInTheDocument[39
m()[33m;[39m
    [90m   | [39m                      
[31m^[39m
    [90m 96| [39m        [34mexpect[39m(sc
reen[33m.[39m[34mgetByTestId[39m([32m'log
in-form'[39m))[33m.[39m[34mtoBeInTheDocume
nt[39m()[33m;[39m
    [90m 97| [39m    })[33m;[39m

[31m[2mÔÄ»ÔÄ»ÔÄ»ÔÄ»ÔÄ»ÔÄ»ÔÄ»ÔÄ»ÔÄ»ÔÄ»ÔÄ»ÔÄ»Ô
Ä»ÔÄ»ÔÄ»ÔÄ»ÔÄ»ÔÄ»ÔÄ»ÔÄ»ÔÄ»ÔÄ»ÔÄ»[9/17]ÔÄ»[22m
[39m

[41m[1m FAIL [22m[49m 
src/components/auth/LoginModal.test.jsx[2m > 
[22mLoginModal[2m > [22mrenders user menu 
when user is logged in
[31m[1mTestingLibraryElementError[22m: 
Found multiple elements with the text: 
/logout/i

Here are the matching elements:

Ignored nodes: comments, script, style
[36m<span>[31m
  [0mLogOutIcon[0m
[36m</span>[31m

Ignored nodes: comments, script, style
[36m<span>[31m
  [0mLogout[0m
[36m</span>[31m

(If this is intentional, then use the 
`*AllBy*` variant of the query (like 
`queryAllByText`, `getAllByText`, or 
`findAllByText`)).

Ignored nodes: comments, script, style
[36m<body>[31m
  [36m<div>[31m
    [36m<div[31m
      [33mclass[31m=[32m"popover"[31m
      
[33mdata-testid[31m=[32m"popover"[31m
      [33mid[31m=[32m"login-popover"[31m
    [36m>[31m
      [36m<div[31m
        [33mclass[31m=[32m"form"[31m
      [36m>[31m
        [36m<h3>[31m
          [0mHello, [0m
          [0mtestuser[0m
        [36m</h3>[31m
        [36m<a[31m
          
[33mclass[31m=[32m"profileLink"[31m
          
[33mdata-discover[31m=[32m"true"[31m
          [33mhref[31m=[32m"/profile"[31m
        [36m>[31m
          [36m<span>[31m
            [0mUserIcon[0m
          [36m</span>[31m
          [36m<span>[31m
            [0mMy Profile[0m
          [36m</span>[31m
        [36m</a>[31m
        [36m<div[31m
          [33mclass[31m=[32m"profileLink 
logoutLink"[31m
        [36m>[31m
          [36m<span>[31m
            [0mLogOutIcon[0m
          [36m</span>[31m
          [36m<span>[31m
            [0mLogout[0m
          [36m</span>[31m
        [36m</div>[31m
      [36m</div>[31m
    [36m</div>[31m
  [36m</div>[31m
[36m</body>[31m[39m
[90m [2mÔØ»[22m Object.getElementError node
_modules/@testing-library/dom/dist/config.js:
[2m37:19[22m[39m
[90m [2mÔØ»[22m getElementError node_module
s/@testing-library/dom/dist/query-helpers.js:
[2m20:35[22m[39m
[90m [2mÔØ»[22m 
getMultipleElementsFoundError node_modules/@te
sting-library/dom/dist/query-helpers.js:[2m23
:10[22m[39m
[90m [2mÔØ»[22m node_modules/@testing-libra
ry/dom/dist/query-helpers.js:[2m55:13[22m[3
9m
[90m [2mÔØ»[22m node_modules/@testing-libra
ry/dom/dist/query-helpers.js:[2m95:19[22m[3
9m
[36m [2mÔØ»[22m src/components/auth/LoginMo
dal.test.jsx:[2m105:23[22m[39m
    [90m103| [39m        
expect(screen.getByText(/hello, 
testuser/i)).toBeInTheDocumentÔÇª
    [90m104| [39m        [34mexpect[39m(sc
reen[33m.[39m[34mgetByText[39m([36m/my pr
ofile/i[39m))[33m.[39m[34mtoBeInTheDocumen
t[39m()[33m;[39m
    [90m105| [39m        [34mexpect[39m(sc
reen[33m.[39m[34mgetByText[39m([36m/logou
t/i[39m))[33m.[39m[34mtoBeInTheDocument[3
9m()[33m;[39m
    [90m   | [39m                      
[31m^[39m
    [90m106| [39m    })[33m;[39m
    [90m107| [39m

[31m[2mÔÄ»ÔÄ»ÔÄ»ÔÄ»ÔÄ»ÔÄ»ÔÄ»ÔÄ»ÔÄ»ÔÄ»ÔÄ»ÔÄ»Ô
Ä»ÔÄ»ÔÄ»ÔÄ»ÔÄ»ÔÄ»ÔÄ»ÔÄ»ÔÄ»ÔÄ»[10/17]ÔÄ»[22m[
39m

[41m[1m FAIL [22m[49m 
src/components/auth/LoginModal.test.jsx[2m > 
[22mLoginModal[2m > [22mhandles logout 
correctly
[31m[1mTestingLibraryElementError[22m: 
Found multiple elements with the text: 
/logout/i

Here are the matching elements:

Ignored nodes: comments, script, style
[36m<span>[31m
  [0mLogOutIcon[0m
[36m</span>[31m

Ignored nodes: comments, script, style
[36m<span>[31m
  [0mLogout[0m
[36m</span>[31m

(If this is intentional, then use the 
`*AllBy*` variant of the query (like 
`queryAllByText`, `getAllByText`, or 
`findAllByText`)).

Ignored nodes: comments, script, style
[36m<body>[31m
  [36m<div>[31m
    [36m<div[31m
      [33mclass[31m=[32m"popover"[31m
      
[33mdata-testid[31m=[32m"popover"[31m
      [33mid[31m=[32m"login-popover"[31m
    [36m>[31m
      [36m<div[31m
        [33mclass[31m=[32m"form"[31m
      [36m>[31m
        [36m<h3>[31m
          [0mHello, [0m
          [0mtestuser[0m
        [36m</h3>[31m
        [36m<a[31m
          
[33mclass[31m=[32m"profileLink"[31m
          
[33mdata-discover[31m=[32m"true"[31m
          [33mhref[31m=[32m"/profile"[31m
        [36m>[31m
          [36m<span>[31m
            [0mUserIcon[0m
          [36m</span>[31m
          [36m<span>[31m
            [0mMy Profile[0m
          [36m</span>[31m
        [36m</a>[31m
        [36m<div[31m
          [33mclass[31m=[32m"profileLink 
logoutLink"[31m
        [36m>[31m
          [36m<span>[31m
            [0mLogOutIcon[0m
          [36m</span>[31m
          [36m<span>[31m
            [0mLogout[0m
          [36m</span>[31m
        [36m</div>[31m
      [36m</div>[31m
    [36m</div>[31m
  [36m</div>[31m
[36m</body>[31m[39m
[90m [2mÔØ»[22m Object.getElementError node
_modules/@testing-library/dom/dist/config.js:
[2m37:19[22m[39m
[90m [2mÔØ»[22m getElementError node_module
s/@testing-library/dom/dist/query-helpers.js:
[2m20:35[22m[39m
[90m [2mÔØ»[22m 
getMultipleElementsFoundError node_modules/@te
sting-library/dom/dist/query-helpers.js:[2m23
:10[22m[39m
[90m [2mÔØ»[22m node_modules/@testing-libra
ry/dom/dist/query-helpers.js:[2m55:13[22m[3
9m
[90m [2mÔØ»[22m node_modules/@testing-libra
ry/dom/dist/query-helpers.js:[2m95:19[22m[3
9m
[36m [2mÔØ»[22m src/components/auth/LoginMo
dal.test.jsx:[2m126:37[22m[39m
    [90m124| [39m        
[34mrenderLoginModal[39m()[33m;[39m
    [90m125| [39m
    [90m126| [39m        const logoutButton 
= screen.getByText(/logout/i).closest('div'ÔÇª
    [90m   | [39m                           
         [31m^[39m
    [90m127| [39m        fireEvent[33m.[39
m[34mclick[39m(logoutButton)[33m;[39m
    [90m128| [39m

[31m[2mÔÄ»ÔÄ»ÔÄ»ÔÄ»ÔÄ»ÔÄ»ÔÄ»ÔÄ»ÔÄ»ÔÄ»ÔÄ»ÔÄ»Ô
Ä»ÔÄ»ÔÄ»ÔÄ»ÔÄ»ÔÄ»ÔÄ»ÔÄ»ÔÄ»ÔÄ»[11/17]ÔÄ»[22m[
39m

[41m[1m FAIL [22m[49m src/components/auth/
ProtectedRoute.test.jsx[2m > 
[22mProtectedRoute[2m > [22mrenders 
children when user is authenticated
[31m[1mTestingLibraryElementError[22m: 
Unable to find an element with the text: 
/protected content/i. This could be because 
the text is broken up by multiple elements. 
In this case, you can provide a function for 
your text matcher to make your matcher more 
flexible.

Ignored nodes: comments, script, style
[36m<body>[31m
  [36m<div>[31m
    [36m<div>[31m
      [0mLogin Page[0m
    [36m</div>[31m
  [36m</div>[31m
[36m</body>[31m[39m
[90m [2mÔØ»[22m Object.getElementError node
_modules/@testing-library/dom/dist/config.js:
[2m37:19[22m[39m
[90m [2mÔØ»[22m node_modules/@testing-libra
ry/dom/dist/query-helpers.js:[2m76:38[22m[3
9m
[90m [2mÔØ»[22m node_modules/@testing-libra
ry/dom/dist/query-helpers.js:[2m52:17[22m[3
9m
[90m [2mÔØ»[22m node_modules/@testing-libra
ry/dom/dist/query-helpers.js:[2m95:19[22m[3
9m
[36m [2mÔØ»[22m src/components/auth/Protect
edRoute.test.jsx:[2m80:23[22m[39m
    [90m 78| [39m        
[34mrenderProtectedRoute[39m()[33m;[39m
    [90m 79| [39m
    [90m 80| [39m        
expect(screen.getByText(/protected 
content/i)).toBeInTheDocumeÔÇª
    [90m   | [39m                      
[31m^[39m
    [90m 81| [39m    })[33m;[39m
    [90m 82| [39m

[31m[2mÔÄ»ÔÄ»ÔÄ»ÔÄ»ÔÄ»ÔÄ»ÔÄ»ÔÄ»ÔÄ»ÔÄ»ÔÄ»ÔÄ»Ô
Ä»ÔÄ»ÔÄ»ÔÄ»ÔÄ»ÔÄ»ÔÄ»ÔÄ»ÔÄ»ÔÄ»[12/17]ÔÄ»[22m[
39m

[41m[1m FAIL [22m[49m src/components/auth/
ProtectedRoute.test.jsx[2m > 
[22mProtectedRoute[2m > [22mallows access 
when user has allowed role
[31m[1mTestingLibraryElementError[22m: 
Unable to find an element with the text: 
/protected content/i. This could be because 
the text is broken up by multiple elements. 
In this case, you can provide a function for 
your text matcher to make your matcher more 
flexible.

Ignored nodes: comments, script, style
[36m<body>[31m
  [36m<div>[31m
    [36m<div>[31m
      [0mLogin Page[0m
    [36m</div>[31m
  [36m</div>[31m
[36m</body>[31m[39m
[90m [2mÔØ»[22m Object.getElementError node
_modules/@testing-library/dom/dist/config.js:
[2m37:19[22m[39m
[90m [2mÔØ»[22m node_modules/@testing-libra
ry/dom/dist/query-helpers.js:[2m76:38[22m[3
9m
[90m [2mÔØ»[22m node_modules/@testing-libra
ry/dom/dist/query-helpers.js:[2m52:17[22m[3
9m
[90m [2mÔØ»[22m node_modules/@testing-libra
ry/dom/dist/query-helpers.js:[2m95:19[22m[3
9m
[36m [2mÔØ»[22m src/components/auth/Protect
edRoute.test.jsx:[2m88:23[22m[39m
    [90m 86| [39m        [34mrenderProtecte
dRoute[39m([[32m'admin'[39m])[33m;[39m
    [90m 87| [39m
    [90m 88| [39m        
expect(screen.getByText(/protected 
content/i)).toBeInTheDocumeÔÇª
    [90m   | [39m                      
[31m^[39m
    [90m 89| [39m    })[33m;[39m
    [90m 90| [39m

[31m[2mÔÄ»ÔÄ»ÔÄ»ÔÄ»ÔÄ»ÔÄ»ÔÄ»ÔÄ»ÔÄ»ÔÄ»ÔÄ»ÔÄ»Ô
Ä»ÔÄ»ÔÄ»ÔÄ»ÔÄ»ÔÄ»ÔÄ»ÔÄ»ÔÄ»ÔÄ»[13/17]ÔÄ»[22m[
39m

[41m[1m FAIL [22m[49m src/components/auth/
ProtectedRoute.test.jsx[2m > 
[22mProtectedRoute[2m > [22mallows access 
when no roles are specified
[31m[1mTestingLibraryElementError[22m: 
Unable to find an element with the text: 
/protected content/i. This could be because 
the text is broken up by multiple elements. 
In this case, you can provide a function for 
your text matcher to make your matcher more 
flexible.

Ignored nodes: comments, script, style
[36m<body>[31m
  [36m<div>[31m
    [36m<div>[31m
      [0mLogin Page[0m
    [36m</div>[31m
  [36m</div>[31m
[36m</body>[31m[39m
[90m [2mÔØ»[22m Object.getElementError node
_modules/@testing-library/dom/dist/config.js:
[2m37:19[22m[39m
[90m [2mÔØ»[22m node_modules/@testing-libra
ry/dom/dist/query-helpers.js:[2m76:38[22m[3
9m
[90m [2mÔØ»[22m node_modules/@testing-libra
ry/dom/dist/query-helpers.js:[2m52:17[22m[3
9m
[90m [2mÔØ»[22m node_modules/@testing-libra
ry/dom/dist/query-helpers.js:[2m95:19[22m[3
9m
[36m [2mÔØ»[22m src/components/auth/Protect
edRoute.test.jsx:[2m122:23[22m[39m
    [90m120| [39m        
[34mrenderProtectedRoute[39m([])[33m;[39m
    [90m121| [39m
    [90m122| [39m        
expect(screen.getByText(/protected 
content/i)).toBeInTheDocumeÔÇª
    [90m   | [39m                      
[31m^[39m
    [90m123| [39m    })[33m;[39m
    [90m124| [39m

[31m[2mÔÄ»ÔÄ»ÔÄ»ÔÄ»ÔÄ»ÔÄ»ÔÄ»ÔÄ»ÔÄ»ÔÄ»ÔÄ»ÔÄ»Ô
Ä»ÔÄ»ÔÄ»ÔÄ»ÔÄ»ÔÄ»ÔÄ»ÔÄ»ÔÄ»ÔÄ»[14/17]ÔÄ»[22m[
39m

[41m[1m FAIL [22m[49m src/components/auth/
ProtectedRoute.test.jsx[2m > 
[22mProtectedRoute[2m > [22mallows access 
when user role is in allowed roles list
[31m[1mTestingLibraryElementError[22m: 
Unable to find an element with the text: 
/protected content/i. This could be because 
the text is broken up by multiple elements. 
In this case, you can provide a function for 
your text matcher to make your matcher more 
flexible.

Ignored nodes: comments, script, style
[36m<body>[31m
  [36m<div>[31m
    [36m<div>[31m
      [0mLogin Page[0m
    [36m</div>[31m
  [36m</div>[31m
[36m</body>[31m[39m
[90m [2mÔØ»[22m Object.getElementError node
_modules/@testing-library/dom/dist/config.js:
[2m37:19[22m[39m
[90m [2mÔØ»[22m node_modules/@testing-libra
ry/dom/dist/query-helpers.js:[2m76:38[22m[3
9m
[90m [2mÔØ»[22m node_modules/@testing-libra
ry/dom/dist/query-helpers.js:[2m52:17[22m[3
9m
[90m [2mÔØ»[22m node_modules/@testing-libra
ry/dom/dist/query-helpers.js:[2m95:19[22m[3
9m
[36m [2mÔØ»[22m src/components/auth/Protect
edRoute.test.jsx:[2m130:23[22m[39m
    [90m128| [39m        [34mrenderProtecte
dRoute[39m([[32m'user'[39m[33m,[39m 
[32m'admin'[39m])[33m;[39m
    [90m129| [39m
    [90m130| [39m        
expect(screen.getByText(/protected 
content/i)).toBeInTheDocumeÔÇª
    [90m   | [39m                      
[31m^[39m
    [90m131| [39m    })[33m;[39m
    [90m132| [39m})[33m;[39m

[31m[2mÔÄ»ÔÄ»ÔÄ»ÔÄ»ÔÄ»ÔÄ»ÔÄ»ÔÄ»ÔÄ»ÔÄ»ÔÄ»ÔÄ»Ô
Ä»ÔÄ»ÔÄ»ÔÄ»ÔÄ»ÔÄ»ÔÄ»ÔÄ»ÔÄ»ÔÄ»[15/17]ÔÄ»[22m[
39m

[41m[1m FAIL [22m[49m 
src/components/form/ImageUpload.test.jsx[2m 
> [22mImageUpload[2m > [22mhandles remove 
button click
[31m[1mTestingLibraryElementError[22m: 
Unable to find an accessible element with the 
role "button" and name `/remove image/i`

Here are the accessible roles:

  img:

  Name "Preview":
  [36m<img[31m
    [33malt[31m=[32m"Preview"[31m
    [33mclass[31m=[32m"preview"[31m
    [33msrc[31m=[32m"/uploads/existing.jpg"
[31m
  [36m/>[31m

  --------------------------------------------
------
  button:

  Name "X":
  [36m<button[31m
    [33mclass[31m=[32m"removeBtn"[31m
    [33mtitle[31m=[32m"Remove image"[31m
    [33mtype[31m=[32m"button"[31m
  [36m/>[31m

  --------------------------------------------
------

Ignored nodes: comments, script, style
[36m<body>[31m
  [36m<div>[31m
    [36m<div[31m
      [33mclass[31m=[32m"container"[31m
    [36m>[31m
      [36m<label[31m
        [33mclass[31m=[32m"label"[31m
      [36m>[31m
        [0mUpload Image[0m
      [36m</label>[31m
      [36m<div[31m
        [33mclass[31m=[32m"uploadArea"[31m
      [36m>[31m
        [36m<div[31m
          
[33mclass[31m=[32m"previewContainer"[31m
        [36m>[31m
          [36m<img[31m
            [33malt[31m=[32m"Preview"[31m
            
[33mclass[31m=[32m"preview"[31m
            [33msrc[31m=[32m"/uploads/exist
ing.jpg"[31m
          [36m/>[31m
          [36m<button[31m
            
[33mclass[31m=[32m"removeBtn"[31m
            [33mtitle[31m=[32m"Remove 
image"[31m
            [33mtype[31m=[32m"button"[31m
          [36m>[31m
            [36m<span>[31m
              [0mX[0m
            [36m</span>[31m
          [36m</button>[31m

[2m Test Files [22m [1m[31m6 failed[39m[22m[2m | [22m[1m[32m22 passed[39m[22m[90m (28)[39m
[2m      Tests [22m [1m[31m16 failed[39m[22m[2m | [22m[1m[32m133 passed[39m[22m[90m (149)[39m
[2m   Start at [22m 19:35:30
[2m   Duration [22m 37.84s[2m (transform 1.41s, setup 4.31s, import 6.14s, tests 40.11s, environment 35.73s)[22m

        [36m</div>[31m
      [36m</div>[31m
      [36m<input[31m
        [33maccept[31m=[32m"image/*"[31m
        
[33mclass[31m=[32m"hiddenInput"[31m
        [33mtype[31m=[32m"file"[31m
      [36m/>[31m
    [36m</div>[31m
  [36m</div>[31m
[36m</body>[31m[39m
[90m [2mÔØ»[22m Object.getElementError node
_modules/@testing-library/dom/dist/config.js:
[2m37:19[22m[39m
[90m [2mÔØ»[22m node_modules/@testing-libra
ry/dom/dist/query-helpers.js:[2m76:38[22m[3
9m
[90m [2mÔØ»[22m node_modules/@testing-libra
ry/dom/dist/query-helpers.js:[2m52:17[22m[3
9m
[90m [2mÔØ»[22m node_modules/@testing-libra
ry/dom/dist/query-helpers.js:[2m95:19[22m[3
9m
[36m [2mÔØ»[22m src/components/form/ImageUp
load.test.jsx:[2m159:37[22m[39m
    [90m157| [39m        
render(<ImageUpload 
currentImage="/uploads/existing.jpg" onUplÔÇª
    [90m158| [39m
    [90m159| [39m        const removeButton 
= screen.getByRole('button', { name: /removÔÇª
    [90m   | [39m                           
         [31m^[39m
    [90m160| [39m        fireEvent[33m.[39
m[34mclick[39m(removeButton)[33m;[39m
    [90m161| [39m

[31m[2mÔÄ»ÔÄ»ÔÄ»ÔÄ»ÔÄ»ÔÄ»ÔÄ»ÔÄ»ÔÄ»ÔÄ»ÔÄ»ÔÄ»Ô
Ä»ÔÄ»ÔÄ»ÔÄ»ÔÄ»ÔÄ»ÔÄ»ÔÄ»ÔÄ»ÔÄ»[16/17]ÔÄ»[22m[
39m

[41m[1m FAIL [22m[49m 
src/components/layout/Header.test.jsx[2m > 
[22mHeader[2m > [22mshows default "User" 
text when logged in without username
[31m[1mTestingLibraryElementError[22m: 
Found multiple elements with the text: /user/i

Here are the matching elements:

Ignored nodes: comments, script, style
[36m<span[31m
  [33mdata-testid[31m=[32m"user-icon"[31m
[36m>[31m
  [0mUser[0m
[36m</span>[31m

Ignored nodes: comments, script, style
[36m<span>[31m
  [0mUser[0m
[36m</span>[31m

(If this is intentional, then use the 
`*AllBy*` variant of the query (like 
`queryAllByText`, `getAllByText`, or 
`findAllByText`)).

Ignored nodes: comments, script, style
[36m<body>[31m
  [36m<div>[31m
    [36m<header[31m
      [33mclass[31m=[32m"header"[31m
    [36m>[31m
      [36m<div[31m
        [33mclass[31m=[32m"container"[31m
      [36m>[31m
        [36m<a[31m
          [33mclass[31m=[32m"logo"[31m
          
[33mdata-discover[31m=[32m"true"[31m
          [33mhref[31m=[32m"/"[31m
        [36m>[31m
          [36m<span[31m
            
[33mclass[31m=[32m"logoIcon"[31m
          [36m>[31m
            [36m<span[31m
              
[33mdata-testid[31m=[32m"zap-icon"[31m
            [36m>[31m
              [0mZap[0m
            [36m</span>[31m
          [36m</span>[31m
          [36m<span[31m
            
[33mclass[31m=[32m"logoText"[31m
          [36m>[31m
            [0mTest Site[0m
          [36m</span>[31m
        [36m</a>[31m
        [36m<div[31m
          [33mclass[31m=[32m"actions"[31m
        [36m>[31m
          [36m<button[31m
            
[33mclass[31m=[32m"userBtn"[31m
            [33mpopovertarget[31m=[32m"logi
n-popover"[31m
          [36m>[31m
            [36m<span[31m
              
[33mdata-testid[31m=[32m"user-icon"[31m
            [36m>[31m
              [0mUser[0m
            [36m</span>[31m
            [36m<span>[31m
              [0mUser[0m
            [36m</span>[31m
          [36m</button>[31m
        [36m</div>[31m
      [36m</div>[31m
    [36m</header>[31m
  [36m</div>[31m
[36m</body>[31m[39m
[90m [2mÔØ»[22m Object.getElementError node
_modules/@testing-library/dom/dist/config.js:
[2m37:19[22m[39m
[90m [2mÔØ»[22m getElementError node_module
s/@testing-library/dom/dist/query-helpers.js:
[2m20:35[22m[39m
[90m [2mÔØ»[22m 
getMultipleElementsFoundError node_modules/@te
sting-library/dom/dist/query-helpers.js:[2m23
:10[22m[39m
[90m [2mÔØ»[22m node_modules/@testing-libra
ry/dom/dist/query-helpers.js:[2m55:13[22m[3
9m
[90m [2mÔØ»[22m node_modules/@testing-libra
ry/dom/dist/query-helpers.js:[2m95:19[22m[3
9m
[36m [2mÔØ»[22m src/components/layout/Heade
r.test.jsx:[2m118:23[22m[39m
    [90m116| [39m        
[34mrenderHeader[39m()[33m;[39m
    [90m117| [39m
    [90m118| [39m        [34mexpect[39m(sc
reen[33m.[39m[34mgetByText[39m([36m/user/
i[39m))[33m.[39m[34mtoBeInTheDocument[39m
()[33m;[39m
    [90m   | [39m                      
[31m^[39m
    [90m119| [39m    })[33m;[39m
    [90m120| [39m

[31m[2mÔÄ»ÔÄ»ÔÄ»ÔÄ»ÔÄ»ÔÄ»ÔÄ»ÔÄ»ÔÄ»ÔÄ»ÔÄ»ÔÄ»Ô
Ä»ÔÄ»ÔÄ»ÔÄ»ÔÄ»ÔÄ»ÔÄ»ÔÄ»ÔÄ»ÔÄ»[17/17]ÔÄ»[22m[
39m

